// Jest Snapshot v1, https://goo.gl/fbAQLP

exports[`Assets transformer should fill author in the LICENCE file 1`] = `
Object {
  "data": "The MIT License (MIT)
Copyright Â© 2017 <copyright holders>
",
  "name": "LICENSE",
}
`;
