// Jest Snapshot v1, https://goo.gl/fbAQLP

exports[`Tests Package transformer should work with an empty package.json 1`] = `
Object {
  "devDependencies": Object {
    "jest": "^23.6.0",
    "sinon": "^6.3.4",
  },
  "jest": Object {
    "coverageReporters": Array [
      "lcov",
    ],
    "testEnvironment": "node",
    "testPathIgnorePatterns": Array [
      "/node_modules/",
      "/dist/",
    ],
  },
  "scripts": Object {
    "cover": "NODE_ENV=\${NODE_ENV:-test} jest --coverage",
    "jest": "NODE_ENV=\${NODE_ENV:-test} jest",
    "precz": "npm t",
    "preversion": "npm t",
    "test": "npm run jest",
  },
}
`;
